// Jest Snapshot v1, https://goo.gl/fbAQLP

exports[`MiniCart component should match snapshot 1`] = `
Object {
  "container": <div>
    <div
      class="flex flex-column"
    >
      <div
        class="vtex-minicart__arrow-up self-end mr3 pr1"
      />
      <div
        class="shadow-3"
      >
        <div
          class="vtex-minicart__content pa4 overflow-auto"
        >
          <div
            class="flex flex-row"
          >
            <div
              class="vtex-minicart__item flex flex-row relative bb b--silver mb3"
            >
              <img
                class="vtex-minicart__item-image"
                src="https://raw.githubusercontent.com/vtex-apps/product-summary/feature/product-image/images/500x500-img-pro20.png"
              />
              <div
                class="ml3"
              >
                <div
                  class="vtex-minicart__item-name mt3"
                >
                  <span
                    class="b"
                  >
                    Celular
                  </span>
                </div>
                <div>
                  <div
                    class="vtex-minicart__sku-name"
                  >
                    <span
                      class="f7 dark-gray"
                    >
                      Moto X4
                    </span>
                  </div>
                  <div
                    class="absolute right-0 bottom-0 mb3"
                  >
                    <span />
                  </div>
                </div>
              </div>
            </div>
          </div>
          <div
            class="flex flex-row"
          >
            <div
              class="vtex-minicart__item flex flex-row relative bb b--silver mb3"
            >
              <img
                class="vtex-minicart__item-image"
                src="https://raw.githubusercontent.com/vtex-apps/product-summary/feature/product-image/images/500x500-img-pro1.png"
              />
              <div
                class="ml3"
              >
                <div
                  class="vtex-minicart__item-name mt3"
                >
                  <span
                    class="b"
                  >
                    NoteBook
                  </span>
                </div>
                <div>
                  <div
                    class="vtex-minicart__sku-name"
                  >
                    <span
                      class="f7 dark-gray"
                    >
                      Moto X4
                    </span>
                  </div>
                  <div
                    class="absolute right-0 bottom-0 mb3"
                  >
                    <span />
                  </div>
                </div>
              </div>
            </div>
          </div>
          <div
            class="flex flex-row"
          >
            <div
              class="vtex-minicart__item flex flex-row relative bb b--silver mb3"
            >
              <img
                class="vtex-minicart__item-image"
                src="https://raw.githubusercontent.com/vtex-apps/product-summary/feature/product-image/images/500x500-img-pro1.png"
              />
              <div
                class="ml3"
              >
                <div
                  class="vtex-minicart__item-name mt3"
                >
                  <span
                    class="b"
                  >
                    Monitor
                  </span>
                </div>
                <div>
                  <div
                    class="vtex-minicart__sku-name"
                  >
                    <span
                      class="f7 dark-gray"
                    >
                      Moto X4
                    </span>
                  </div>
                  <div
                    class="absolute right-0 bottom-0 mb3"
                  >
                    <span />
                  </div>
                </div>
              </div>
            </div>
          </div>
        </div>
        <div
          class="relative pr4 pl4 pb4"
        >
          <button
            class="vtex-button bw1 ba fw5 ttu br2 fw4 v-mid pv3 ph5 f6 b--blue bg-blue white hover-bg-heavy-blue hover-b--heavy-blue pointer "
            type="button"
          >
            Close request
          </button>
          <div
            class="fr mt2"
          >
            <span />
          </div>
        </div>
      </div>
    </div>
  </div>,
  "getAllByAltText": [Function],
  "getAllByLabelText": [Function],
  "getAllByPlaceholderText": [Function],
  "getAllByTestId": [Function],
  "getAllByText": [Function],
  "getByAltText": [Function],
  "getByLabelText": [Function],
  "getByPlaceholderText": [Function],
  "getByTestId": [Function],
  "getByText": [Function],
  "queryAllByAltText": [Function],
  "queryAllByLabelText": [Function],
  "queryAllByPlaceholderText": [Function],
  "queryAllByTestId": [Function],
  "queryAllByText": [Function],
  "queryByAltText": [Function],
  "queryByLabelText": [Function],
  "queryByPlaceholderText": [Function],
  "queryByTestId": [Function],
  "queryByText": [Function],
  "unmount": [Function],
}
`;
